✔ current 11-device snapshot and 5 OEM records validate without altering Consumer (3.037127ms)
✔ coverage denominator is actual consumer device count (1.618514ms)
✔ manufacturer part designation is never a positive fit or an invented part (4.01681ms)
✔ foreign, sibling and regional variants cannot inherit observations (2.311666ms)
✔ new owner snapshot requires explicit migration rather than silent coverage inflation (0.548124ms)
✔ unapproved OEM hosts and unsourced observations are rejected (1.269649ms)
✔ no media, rights or launch approval may be inferred from publicly accessible page (2.297004ms)
✔ missing OEM repair steps, safety and tool specifications cannot be invented (1.025422ms)
✔ part listing must already be an exact known candidate, never a sibling or fabricated article (1.778243ms)
✔ unknown metadata keys and asserted serial coverage are rejected, not silently ignored (1.360957ms)
✔ all five assembly groups preserve existing device memberships and zero confirmed real parts (2.284926ms)
✔ literal part-code, assembly and type filters intersect without inferring a fitment (0.4056ms)
✔ source website locale never becomes a device-region fitment claim (0.283486ms)
✔ original identity evidence remains distinct from alternatives and synthetic evidence (1.602009ms)
✔ filter miss and missing documentation have different empty-state reasons (0.189305ms)
✔ sorting is deterministic, read-only and price requests cannot enable commerce (0.574524ms)
✔ filters never discard selected parts or completed notes (0.456917ms)
✔ reselecting the same assembly preserves work; switching assembly clears stale work (0.162695ms)
✔ mismatched user variant remains a missing item in review, checklist and export (0.457468ms)
✔ grouped checklist retains every item once and never marks a repair complete (0.288604ms)
✔ schema-1 missions and duplicate done markers cannot survive wave4 restore (0.296616ms)
✔ synthetic UI status still equals the existing shared engine for each assembly and revision state (18.375632ms)
✔ offline cache manifest is current and contains only explicitly allowed local UI/core assets (2.772108ms)
✔ mission cache is bound to catalog, shared core and fixture bytes without storing engine responses (0.377167ms)
✔ repair passport refuses to invent an unknown device (1.194246ms)
✔ real passport keeps source identity, market, version and missing checks (0.767874ms)
✔ selected part stays an unconfirmed candidate after all available checks are ticked (0.798ms)
✔ user-entered variant mismatch remains a warning, never elevated to manufacturer claim (0.332219ms)
✔ synthetic demo cannot masquerade as real OEM compatibility (2.970947ms)
✔ local JSON export has deterministic SHA256 integrity check but not an OEM signature (10.49443ms)
✔ revision or selected assembly changes invalidate report payload and its digest (1.035006ms)
✔ preview serves local UI with a policy that prevents network services and embedding (24.044136ms)
✔ local preview refuses foreign hosts, origins and absolute proxy targets (4.391654ms)
✔ offline worker can fetch only same-origin assets; page cannot call network services (10.129351ms)
✔ preview does not expose tooling, evidence, repository paths or malformed URLs (4.727959ms)
✔ preview rejects mutation methods (2.060909ms)
✔ snapshot is pinned to untouched baseline, no Wave3 or engine data imported (1.701639ms)
✔ every real identity has a manufacturer URL, dated observation and no new commercial fields (0.487493ms)
✔ 24 source-linked pilot tasks are plans, not fabricated external test results (0.38551ms)
✔ own illustration has no manufacturer media, remote fonts or copied OEM diagrams (0.63879ms)
✔ unfinished missions cannot jump past required selections (1.028256ms)
✔ every real device and assembly stays unclear, even when user says variant known (2.052056ms)
✔ exact Samsung EEK source is not inferred from EEM alias or WA (0.327783ms)
✔ same family or shared Miele type is a selection list, never an automatic device (0.146861ms)
✔ unknown revision is explicit, no serial scope or connector dimensions invented (0.165248ms)
✔ empty catalog area remains open, no not-sold or out-of-stock inference (0.150997ms)
✔ real parts are source-bound candidates, no copied prices or offers (0.539491ms)
✔ other-device parts cannot enter checklist (0.560613ms)
✔ device, variant and assembly changes clear stale part and done state (0.216275ms)
✔ completed notes never change assessment or mark a complete repair set (0.239821ms)
✔ all five synthetic scenarios retain namespace and explicit synthetic marker (6.210629ms)
✔ synthetic negative parts cannot enter the list; incomplete kit stays incomplete (0.879242ms)
✔ synthetic positive fixture is hidden until variant selection, wrong assembly is unknown (0.360823ms)
✔ mock adapter refuses real devices, brand namespaces and changed requests (0.484308ms)
✔ wrong-context, unmarked and commercial synthetic responses are rejected (0.416947ms)
✔ roundtrip stores choices, never an authoritative saved response (0.729637ms)
✔ tampered, stale, foreign and malformed saved missions reset safely (0.740623ms)
✔ storage failure is nonfatal and states of real and demo are separate (0.37252ms)
✔ retains 11 identities without granting a physical fit (1.914139ms)
✔ does not infer regional/family alias matches or install approval (0.456056ms)
✔ flags missing legacy article and duplicate manufacturer association (0.328524ms)
✔ fails closed if source locks or measured full-catalog counts differ (0.973153ms)
✔ never resolves same-brand candidate from model name alone (0.325679ms)
✔ supported strict request/response; schema has no public endpoint (3.968478ms)
✔ positive complete synthetic chain is explicitly test-only, never authorizes purchase or real fitment (1.681879ms)
✔ unsupported major version (0.295344ms)
✔ unsupported minor version (0.191288ms)
✔ missing mandatory field (0.369426ms)
✔ unknown property (0.183867ms)
✔ invalid risk (0.198028ms)
✔ same brand different execution (0.298769ms)
✔ identifier suffix cannot be erased (0.338268ms)
✔ different OEM number (0.573463ms)
✔ merchant SKU is not OEM (0.32548ms)
✔ EAN is not OEM (0.222575ms)
✔ supplier SKU is not OEM (0.287192ms)
✔ issuer is scoped (0.155384ms)
✔ source namespace mismatch (0.620012ms)
✔ unknown revision (1.098071ms)
✔ unreviewed revision scope (0.342485ms)
✔ wrong revision (0.147832ms)
✔ malformed any revision (0.114202ms)
✔ unknown serial scope (0.110096ms)
✔ missing numeric serial (0.178608ms)
✔ serial outside interval (0.191418ms)
✔ serial interval reversed (0.202464ms)
✔ malformed universal serial scope (0.157236ms)
✔ unknown market (0.134803ms)
✔ different market (0.276867ms)
✔ no explicit edge (0.128794ms)
✔ wrong asset binding (0.151948ms)
✔ wrong part binding (0.109925ms)
✔ wrong assembly binding (0.109244ms)
✔ missing source reference (0.112158ms)
✔ unverified source (0.239481ms)
✔ withdrawn source (0.176455ms)
✔ missing digest (0.114262ms)
✔ bad digest (0.238138ms)
✔ impossible date (0.158338ms)
✔ unknown private use rights (0.148514ms)
✔ denied private use rights (0.282936ms)
✔ missing rights reference (0.187372ms)
✔ untrusted domain (0.15273ms)
✔ untrusted publisher (0.135944ms)
✔ duplicate source id (0.204588ms)
✔ duplicate claim id (0.262254ms)
✔ duplicate connection id (0.269515ms)
✔ absent installation review (0.157347ms)
✔ unknown connection shape (0.159039ms)
✔ unknown required dimension (0.195975ms)
✔ units differ (0.201644ms)
✔ unverified connection evidence (0.157537ms)
✔ different connected assembly (0.150346ms)
✔ documents are not physical parts (0.128103ms)
✔ whole devices are not parts (0.152349ms)
✔ cross-manufacturer unapproved (0.140291ms)
✔ unknown category default deny (0.156956ms)
✔ high risk category default deny (0.131859ms)
✔ review required (0.117637ms)
✔ prohibited risk (0.127331ms)
✔ unknown risk (0.15265ms)
✔ synthetic B2C denied (0.15249ms)
✔ synthetic B2B denied (0.104707ms)
✔ malformed input returns safe response (0.161873ms)
✔ explicit incompatible exact variant (0.176936ms)
✔ main assembly matches but connected synthetic thread differs: incompatible (0.199089ms)
✔ exact typed values: no automatic string/number or unit conversion (0.243966ms)
✔ conflicting exclusion blocks compatible claim (0.320372ms)
✔ numeric serial inclusive endpoints; no vendor-specific lexicographic guess (0.394283ms)
✔ reviewed all revisions is explicit, never inferred (0.196726ms)
✔ reviewed no interface conditions allowed only with review evidence (0.261493ms)
✔ link permission does not grant commercial reuse (0.334072ms)
✔ real recorded Miele listing remains unconfirmed, no fabricated conditions (0.348153ms)
✔ B2C and B2B receive byte-identical real catalog decision (0.263877ms)
✔ stable order under source and claim permutation (1.01765ms)
✔ strict issuer/namespace/value: zeros, case and punctuation remain significant (0.102264ms)
✔ manufacturer URL boundaries reject spoofing, credentials and HTTP (0.19992ms)
✔ merchant device identity cannot assert exact variant even if matching both sides (0.118538ms)
✔ missing and cyclic manufacturer delegation cannot authenticate third-party claims (0.278609ms)
✔ synthetic evidence cannot be relabelled as catalog manufacturer evidence (0.112979ms)
✔ non-finite connection values refused by strict JSON contract (0.298809ms)
✔ immutable request is valid; function needs no ambient clock/network/randomness (0.242014ms)
✔ additional observed variant identity cannot be silently ignored (0.166721ms)
✔ schema cannot be mutated by consumer import (0.363697ms)
✔ B2C/B2B rights gate: unknown/denied reuse never promoted from link/private permission (0.097727ms)
✔ B2C and B2B rights checks identical for explicit synthetic permission (0.058689ms)
✔ permission label without reference never grants use (0.063095ms)
✔ status, confidence, brand and source URL alone do not produce explicit edge (1.281657ms)
✔ unassigned brand-catalog article stays unassigned (0.26601ms)
✔ candidate is not a confirmed/mapped edge (0.236145ms)
✔ physical associations deduplicate exact scoped identities (0.190076ms)
✔ leading zeros, namespaces, issuer and aftermarket remain different identities (0.204588ms)
✔ document/device/unknown rows excluded by pinned physical taxonomy (0.140722ms)
✔ family fallback never becomes a concrete model (0.184107ms)
✔ same model name distinct records counted transparently (0.183376ms)
✔ duplicate model IDs rejected (0.47878ms)
✔ missing assemblies remain unknown, never not_sold_separately (0.315074ms)
✔ structured recorded source edge needs proper first-party domain and date (0.417377ms)
✔ brand mismatch on recorded source does not count manufacturer assertion (1.034836ms)
✔ source order independent catalog row ordering (0.436396ms)
✔ full fresh checkpoint baseline, every source hash, no mutation, byte deterministic golden (1432.267004ms)
✔ owner catalogue scorecard measures actual loaded, not historical project scratch (1.96156ms)
✔ content score has explicit stable 100-point rubric, is not a percentage of verified fitments (0.284117ms)
✔ generic or invented unsourced information is never rewarded (0.242054ms)
✔ source-documented model-specific guides, tooling and safety are counted as coverage, not legal or installation approval (0.235734ms)
✔ fail closed on invalid references, duplicates and invented real fitment (1.382409ms)
✔ no source URL/date means no original-part or model-documentation coverage (0.211478ms)
ℹ tests 167
ℹ suites 0
ℹ pass 167
ℹ fail 0
ℹ cancelled 0
ℹ skipped 0
ℹ todo 0
ℹ duration_ms 1628.00255
